2026-09-18 08:14:15 | INFO | Ortam: {'time': '2026-09-18 08:14:05', 'ultralytics': '8.4.155', 'torch': '2.11.0+cu128', 'torchvision': '0.26.0+cu128', 'sklearn': '1.9.1', 'huggingface_hub': '1.32.0', 'onnxruntime': '1.30.0', 'numpy': '2.1.3', 'pandas': '2.2.3', 'gpu': 'NVIDIA A100-SXM4-40GB', 'cpu': 'Model name:                              Intel(R) Xeon(R) CPU @ 2.20GHz'}
2026-09-18 08:14:19 | INFO | samples.json indiriliyor (~218 MB)...
2026-09-18 08:14:51 | INFO | Veri denetimi: {'n_images': 64464, 'n_skipped_unparsed': 0, 'expected_images': 64464, 'n_plants': 101, 'n_sessions': 1343, 'cameras': [1, 2, 3, 4], 'poses': [1, 2, 3, 4, 5, 6, 7, 8, 9, 10, 11, 12], 'sessions_with_multiple_bbch': 0, 'images_per_session': {'count': 1343.0, 'mean': 48.0, 'std': 0.0, 'min': 48.0, '25%': 48.0, '50%': 48.0, '75%': 48.0, 'max': 48.0}, 'bbch_codes': [13, 14, 15, 16, 17, 19, 20, 21, 22, 23, 27, 28, 29, 51, 52, 53, 54, 55, 56, 59, 60, 61, 62, 63, 64, 65, 66, 67, 68, 69, 70, 71, 72, 73, 74, 75, 76, 77, 78, 79, 80, 81, 82, 83, 84, 85, 86, 87, 88, 89]}
2026-09-18 08:15:03 | INFO | Seçilen oturum: 1343 | alt küme görüntü: 5372 | dışlanan oturum: 0 (poz tohumu 2026)
2026-09-18 08:15:05 | INFO | Parça 1/6: 1000 görüntü indiriliyor...
2026-09-18 08:17:21 | INFO | Parça 2/6: 1000 görüntü indiriliyor...
2026-09-18 08:19:29 | INFO | Parça 3/6: 1000 görüntü indiriliyor...
2026-09-18 08:21:31 | INFO | Parça 4/6: 1000 görüntü indiriliyor...
2026-09-18 08:23:32 | INFO | Parça 5/6: 1000 görüntü indiriliyor...
2026-09-18 08:25:36 | INFO | Parça 6/6: 372 görüntü indiriliyor...
2026-09-18 08:26:27 | INFO | Yerel diske açılan görüntü: 5372
2026-09-18 08:33:44 | INFO | Kat manifesti oluşturuldu: random_state=2026 (1. deneme; tohum 2026).
2026-09-18 08:33:44 | INFO | 
 fold  n_plants  n_sessions  sessions_S1  sessions_S2  sessions_S5  sessions_S6  sessions_S7  sessions_S8
    0        22         266           36            4           23           44          121           38
    1        18         268           39            4           18           43          126           38
    2        24         276           36           11           20           46          125           38
    3        18         259           38            4           18           44          117           38
    4        19         274           47            6           18           43          122           38
2026-09-18 08:33:56 | INFO | [yolo11n-cls_cam1_fold0] eğitim başlıyor.
2026-09-18 08:35:28 | INFO | [yolo11n-cls_cam1_fold0] bitti | test doğruluğu 0.778 | süre 92 sn
2026-09-18 08:35:28 | INFO | [yolo11n-cls_cam1_fold1] eğitim başlıyor.
2026-09-18 08:36:55 | INFO | [yolo11n-cls_cam1_fold1] bitti | test doğruluğu 0.817 | süre 87 sn
2026-09-18 08:36:55 | INFO | [yolo11n-cls_cam1_fold2] eğitim başlıyor.
2026-09-18 08:37:51 | INFO | [yolo11n-cls_cam1_fold2] bitti | test doğruluğu 0.746 | süre 56 sn
2026-09-18 08:37:51 | INFO | [yolo11n-cls_cam1_fold3] eğitim başlıyor.
2026-09-18 08:39:16 | INFO | [yolo11n-cls_cam1_fold3] bitti | test doğruluğu 0.726 | süre 86 sn
2026-09-18 08:39:16 | INFO | [yolo11n-cls_cam1_fold4] eğitim başlıyor.
2026-09-18 08:40:05 | INFO | [yolo11n-cls_cam1_fold4] bitti | test doğruluğu 0.785 | süre 49 sn
2026-09-18 08:40:05 | INFO | [yolo11n-cls_cam2_fold0] eğitim başlıyor.
2026-09-18 08:41:20 | INFO | [yolo11n-cls_cam2_fold0] bitti | test doğruluğu 0.827 | süre 75 sn
2026-09-18 08:41:20 | INFO | [yolo11n-cls_cam2_fold1] eğitim başlıyor.
2026-09-18 08:42:14 | INFO | [yolo11n-cls_cam2_fold1] bitti | test doğruluğu 0.802 | süre 54 sn
2026-09-18 08:42:14 | INFO | [yolo11n-cls_cam2_fold2] eğitim başlıyor.
2026-09-18 08:43:33 | INFO | [yolo11n-cls_cam2_fold2] bitti | test doğruluğu 0.783 | süre 79 sn
2026-09-18 08:43:33 | INFO | [yolo11n-cls_cam2_fold3] eğitim başlıyor.
2026-09-18 08:44:24 | INFO | [yolo11n-cls_cam2_fold3] bitti | test doğruluğu 0.803 | süre 51 sn
2026-09-18 08:44:24 | INFO | [yolo11n-cls_cam2_fold4] eğitim başlıyor.
2026-09-18 08:45:38 | INFO | [yolo11n-cls_cam2_fold4] bitti | test doğruluğu 0.807 | süre 74 sn
2026-09-18 08:45:38 | INFO | [yolo11n-cls_cam3_fold0] eğitim başlıyor.
2026-09-18 08:46:34 | INFO | [yolo11n-cls_cam3_fold0] bitti | test doğruluğu 0.801 | süre 55 sn
2026-09-18 08:46:34 | INFO | [yolo11n-cls_cam3_fold1] eğitim başlıyor.
2026-09-18 08:47:31 | INFO | [yolo11n-cls_cam3_fold1] bitti | test doğruluğu 0.795 | süre 57 sn
2026-09-18 08:47:31 | INFO | [yolo11n-cls_cam3_fold2] eğitim başlıyor.
2026-09-18 08:48:15 | INFO | [yolo11n-cls_cam3_fold2] bitti | test doğruluğu 0.754 | süre 44 sn
2026-09-18 08:48:15 | INFO | [yolo11n-cls_cam3_fold3] eğitim başlıyor.
2026-09-18 08:49:40 | INFO | [yolo11n-cls_cam3_fold3] bitti | test doğruluğu 0.803 | süre 85 sn
2026-09-18 08:49:40 | INFO | [yolo11n-cls_cam3_fold4] eğitim başlıyor.
2026-09-18 08:50:21 | INFO | [yolo11n-cls_cam3_fold4] bitti | test doğruluğu 0.818 | süre 41 sn
2026-09-18 08:50:21 | INFO | [yolo11n-cls_cam4_fold0] eğitim başlıyor.
2026-09-18 08:51:12 | INFO | [yolo11n-cls_cam4_fold0] bitti | test doğruluğu 0.786 | süre 52 sn
2026-09-18 08:51:13 | INFO | [yolo11n-cls_cam4_fold1] eğitim başlıyor.
2026-09-18 08:52:18 | INFO | [yolo11n-cls_cam4_fold1] bitti | test doğruluğu 0.746 | süre 66 sn
2026-09-18 08:52:18 | INFO | [yolo11n-cls_cam4_fold2] eğitim başlıyor.
2026-09-18 08:53:44 | INFO | [yolo11n-cls_cam4_fold2] bitti | test doğruluğu 0.779 | süre 86 sn
2026-09-18 08:53:44 | INFO | [yolo11n-cls_cam4_fold3] eğitim başlıyor.
2026-09-18 08:55:11 | INFO | [yolo11n-cls_cam4_fold3] bitti | test doğruluğu 0.830 | süre 87 sn
2026-09-18 08:55:11 | INFO | [yolo11n-cls_cam4_fold4] eğitim başlıyor.
2026-09-18 08:55:57 | INFO | [yolo11n-cls_cam4_fold4] bitti | test doğruluğu 0.792 | süre 46 sn
2026-09-18 08:55:57 | INFO | [yolo26n-cls_cam1_fold0] eğitim başlıyor.
2026-09-18 08:57:22 | INFO | [yolo26n-cls_cam1_fold0] bitti | test doğruluğu 0.771 | süre 85 sn
2026-09-18 08:57:22 | INFO | [yolo26n-cls_cam1_fold1] eğitim başlıyor.
2026-09-18 08:58:09 | INFO | [yolo26n-cls_cam1_fold1] bitti | test doğruluğu 0.780 | süre 48 sn
2026-09-18 08:58:09 | INFO | [yolo26n-cls_cam1_fold2] eğitim başlıyor.
2026-09-18 08:58:51 | INFO | [yolo26n-cls_cam1_fold2] bitti | test doğruluğu 0.786 | süre 42 sn
2026-09-18 08:58:51 | INFO | [yolo26n-cls_cam1_fold3] eğitim başlıyor.
2026-09-18 09:00:14 | INFO | [yolo26n-cls_cam1_fold3] bitti | test doğruluğu 0.737 | süre 83 sn
2026-09-18 09:00:14 | INFO | [yolo26n-cls_cam1_fold4] eğitim başlıyor.
2026-09-18 09:00:55 | INFO | [yolo26n-cls_cam1_fold4] bitti | test doğruluğu 0.741 | süre 41 sn
2026-09-18 09:00:55 | INFO | [yolo26n-cls_cam2_fold0] eğitim başlıyor.
2026-09-18 09:01:44 | INFO | [yolo26n-cls_cam2_fold0] bitti | test doğruluğu 0.820 | süre 49 sn
2026-09-18 09:01:44 | INFO | [yolo26n-cls_cam2_fold1] eğitim başlıyor.
2026-09-18 09:02:34 | INFO | [yolo26n-cls_cam2_fold1] bitti | test doğruluğu 0.817 | süre 50 sn
2026-09-18 09:02:34 | INFO | [yolo26n-cls_cam2_fold2] eğitim başlıyor.
2026-09-18 09:03:20 | INFO | [yolo26n-cls_cam2_fold2] bitti | test doğruluğu 0.775 | süre 46 sn
2026-09-18 09:03:20 | INFO | [yolo26n-cls_cam2_fold3] eğitim başlıyor.
2026-09-18 09:04:18 | INFO | [yolo26n-cls_cam2_fold3] bitti | test doğruluğu 0.757 | süre 58 sn
2026-09-18 09:04:18 | INFO | [yolo26n-cls_cam2_fold4] eğitim başlıyor.
2026-09-18 09:05:30 | INFO | [yolo26n-cls_cam2_fold4] bitti | test doğruluğu 0.810 | süre 72 sn
2026-09-18 09:05:30 | INFO | [yolo26n-cls_cam3_fold0] eğitim başlıyor.
2026-09-18 09:06:09 | INFO | [yolo26n-cls_cam3_fold0] bitti | test doğruluğu 0.801 | süre 39 sn
2026-09-18 09:06:09 | INFO | [yolo26n-cls_cam3_fold1] eğitim başlıyor.
2026-09-18 09:07:08 | INFO | [yolo26n-cls_cam3_fold1] bitti | test doğruluğu 0.825 | süre 58 sn
2026-09-18 09:07:08 | INFO | [yolo26n-cls_cam3_fold2] eğitim başlıyor.
2026-09-18 09:08:23 | INFO | [yolo26n-cls_cam3_fold2] bitti | test doğruluğu 0.775 | süre 76 sn
2026-09-18 09:08:23 | INFO | [yolo26n-cls_cam3_fold3] eğitim başlıyor.
2026-09-18 09:09:23 | INFO | [yolo26n-cls_cam3_fold3] bitti | test doğruluğu 0.807 | süre 60 sn
2026-09-18 09:09:23 | INFO | [yolo26n-cls_cam3_fold4] eğitim başlıyor.
2026-09-18 09:10:01 | INFO | [yolo26n-cls_cam3_fold4] bitti | test doğruluğu 0.828 | süre 38 sn
2026-09-18 09:10:01 | INFO | [yolo26n-cls_cam4_fold0] eğitim başlıyor.
2026-09-18 09:11:27 | INFO | [yolo26n-cls_cam4_fold0] bitti | test doğruluğu 0.827 | süre 86 sn
2026-09-18 09:11:27 | INFO | [yolo26n-cls_cam4_fold1] eğitim başlıyor.
2026-09-18 09:12:20 | INFO | [yolo26n-cls_cam4_fold1] bitti | test doğruluğu 0.780 | süre 53 sn
2026-09-18 09:12:20 | INFO | [yolo26n-cls_cam4_fold2] eğitim başlıyor.
2026-09-18 09:13:19 | INFO | [yolo26n-cls_cam4_fold2] bitti | test doğruluğu 0.775 | süre 58 sn
2026-09-18 09:13:19 | INFO | [yolo26n-cls_cam4_fold3] eğitim başlıyor.
2026-09-18 09:14:46 | INFO | [yolo26n-cls_cam4_fold3] bitti | test doğruluğu 0.803 | süre 87 sn
2026-09-18 09:14:46 | INFO | [yolo26n-cls_cam4_fold4] eğitim başlıyor.
2026-09-18 09:16:11 | INFO | [yolo26n-cls_cam4_fold4] bitti | test doğruluğu 0.807 | süre 85 sn
2026-09-18 09:16:11 | INFO | Tamamlanan: 40 / 40
2026-09-18 09:16:31 | INFO | yolo11n-cls: OOF ve füzyon hazır (1343 oturum).
2026-09-18 09:16:31 | INFO | yolo26n-cls: OOF ve füzyon hazır (1343 oturum).
2026-09-18 09:17:18 | INFO | Maliyet: {'model': 'yolo11n-cls', 'latency_n_sessions': 100, 'weights_MB_single': 3.199746, 'weights_MB_fusion': 12.795272, 'params_M_single': 1.53879, 'params_M_fusion': 6.15516, 'GFLOPs_per_image': 0.81668352, 'GFLOPs_fusion_per_session': 3.26673408, 'gpu_single_ms_median': 7.619692999924155, 'gpu_single_ms_p90': 7.792103300107556, 'gpu_fusion_ms_median': 30.60357250024026, 'gpu_fusion_ms_p90': 31.4167333000114, 'gpu_single_sessions_per_s': 131.23888324765235, 'gpu_fusion_sessions_per_s': 32.67592370113487, 'cpu_single_ms_median': 15.459234500212915, 'cpu_single_ms_p90': 15.866633500172611, 'cpu_fusion_ms_median': 52.908519499851536, 'cpu_fusion_ms_p90': 57.824592499946455, 'cpu_single_sessions_per_s': 64.68625597122725, 'cpu_fusion_sessions_per_s': 18.90054776533307, 'onnxcpu_single_ms_median': 44.299801999386546, 'onnxcpu_single_ms_p90': 52.192288400328835, 'onnxcpu_fusion_ms_median': 220.15827699988222, 'onnxcpu_fusion_ms_p90': 230.91201489933155, 'onnxcpu_single_sessions_per_s': 22.573464324148624, 'onnxcpu_fusion_sessions_per_s': 4.542186710520699}
2026-09-18 09:18:02 | INFO | Maliyet: {'model': 'yolo26n-cls', 'latency_n_sessions': 100, 'weights_MB_single': 3.199746, 'weights_MB_fusion': 12.794952, 'params_M_single': 1.53879, 'params_M_fusion': 6.15516, 'GFLOPs_per_image': 0.81668352, 'GFLOPs_fusion_per_session': 3.26673408, 'gpu_single_ms_median': 7.514117999562586, 'gpu_single_ms_p90': 7.640925699706713, 'gpu_fusion_ms_median': 30.437747499945544, 'gpu_fusion_ms_p90': 31.32743419992039, 'gpu_single_sessions_per_s': 133.0828182440324, 'gpu_fusion_sessions_per_s': 32.85394229654442, 'cpu_single_ms_median': 17.443955000089773, 'cpu_single_ms_p90': 17.879231900315062, 'cpu_fusion_ms_median': 53.99767049948423, 'cpu_fusion_ms_p90': 55.887374999929314, 'cpu_single_sessions_per_s': 57.326449190843114, 'cpu_fusion_sessions_per_s': 18.519317421471946, 'onnxcpu_single_ms_median': 52.36668900033692, 'onnxcpu_single_ms_p90': 56.19967339971481, 'onnxcpu_fusion_ms_median': 214.63210249976328, 'onnxcpu_fusion_ms_p90': 231.08346690014514, 'onnxcpu_single_sessions_per_s': 19.096108978621242, 'onnxcpu_fusion_sessions_per_s': 4.659135275446984}
2026-09-18 09:26:22 | INFO | Ortam: {'time': '2026-09-18 09:26:22', 'ultralytics': '8.4.155', 'torch': '2.11.0+cu128', 'torchvision': '0.26.0+cu128', 'sklearn': '1.9.1', 'huggingface_hub': '1.32.0', 'onnxruntime': '1.30.0', 'numpy': '2.1.3', 'pandas': '2.2.3', 'gpu': 'NVIDIA A100-SXM4-40GB', 'cpu': 'Model name:                              Intel(R) Xeon(R) CPU @ 2.20GHz'}
2026-09-18 09:26:47 | INFO | Analiz tamamlandı.
